// Jest Snapshot v1, https://goo.gl/fbAQLP

exports[`renders correctly 1`] = `
<View
  style={
    Object {
      "backgroundColor": "#54b8ea",
      "flexDirection": "row",
    }
  }
>
  <Text
    style={
      Object {
        "color": "#fff",
        "flex": 1,
        "fontSize": 20,
        "margin": 10,
        "textAlign": "center",
      }
    }
  >
    List of Properties
  </Text>
</View>
`;
